GitReins guard run log — full output (the console summary is bounded)
run_utc: 2026-10-01T04:59:08Z
workdir: /home/kara/coding-hermes-boardctl
test_mode: full
test_targets: all (full mode)
overall: PASS
guards: 4 (0 failed, 0 skipped)
diagnostics:
  first_failing_test: none detected
  secrets_scanners: clean (gitleaks + builtin cross-check)

==============================================================================
[PASS] secrets  passed=true  exit_code=n/a
==============================================================================
--- output (untruncated) ---
gitleaks: clean

==============================================================================
[PASS] go_build  passed=true  exit_code=n/a
==============================================================================
--- output (untruncated) ---
go build: ok

==============================================================================
[PASS] go_lint  passed=true  exit_code=n/a
==============================================================================
--- output (untruncated) ---
go vet: clean

==============================================================================
[PASS] go_tests  passed=true  exit_code=n/a
==============================================================================
--- output (untruncated) ---
ok  	github.com/coding-hermes/boardctl/cmd/boardctl	35.944s
ok  	github.com/coding-hermes/boardctl/cmd/dedupe-board	0.647s
?   	github.com/coding-hermes/boardctl/cmd/gendocs	[no test files]
ok  	github.com/coding-hermes/boardctl/internal/board	61.960s
ok  	github.com/coding-hermes/boardctl/internal/describe	0.010s
ok  	github.com/coding-hermes/boardctl/internal/fmtcheck	0.194s
ok  	github.com/coding-hermes/boardctl/internal/freshness	25.458s
ok  	github.com/coding-hermes/boardctl/internal/render
