GitReins guard run log — full output (the console summary is bounded)
run_utc: 2026-09-30T12:16:17Z
workdir: /home/kara/coding-hermes-boardctl
test_mode: full
test_targets: all (full mode)
overall: PASS
guards: 4 (0 failed, 0 skipped)
diagnostics:
  first_failing_test: none detected
  secrets_scanners: clean (gitleaks + builtin cross-check)

==============================================================================
[PASS] secrets  passed=true  exit_code=n/a
==============================================================================
--- output (untruncated) ---
gitleaks: clean

==============================================================================
[PASS] go_build  passed=true  exit_code=n/a
==============================================================================
--- output (untruncated) ---
go build: ok

==============================================================================
[PASS] go_lint  passed=true  exit_code=n/a
==============================================================================
--- output (untruncated) ---
go vet: clean

==============================================================================
[PASS] go_tests  passed=true  exit_code=n/a
==============================================================================
--- output (untruncated) ---
ok  	github.com/coding-hermes/boardctl/cmd/boardctl	1.532s
ok  	github.com/coding-hermes/boardctl/cmd/dedupe-board	0.016s
?   	github.com/coding-hermes/boardctl/cmd/gendocs	[no test files]
ok  	github.com/coding-hermes/boardctl/internal/board	0.983s
ok  	github.com/coding-hermes/boardctl/internal/describe	0.007s
ok  	github.com/coding-hermes/boardctl/internal/fmtcheck	0.329s
ok  	github.com/coding-hermes/boardctl/internal/freshness	0.971s
ok  	github.com/coding-hermes/boardctl/internal/render	0.
